mode: set
github.com/nuzlilatief/hadith-go/cmd/hadith-api/main.go:17.13,21.16 4 0
github.com/nuzlilatief/hadith-go/cmd/hadith-api/main.go:21.16,23.3 1 0
github.com/nuzlilatief/hadith-go/cmd/hadith-api/main.go:25.2,29.47 4 0
github.com/nuzlilatief/hadith-go/cmd/hadith-api/main.go:32.63,36.61 3 1
github.com/nuzlilatief/hadith-go/cmd/hadith-api/main.go:36.61,39.3 1 0
github.com/nuzlilatief/hadith-go/cmd/hadith-api/main.go:41.2,42.61 2 1
github.com/nuzlilatief/hadith-go/cmd/hadith-api/main.go:42.61,43.80 1 0
github.com/nuzlilatief/hadith-go/cmd/hadith-api/main.go:43.80,45.4 1 0
github.com/nuzlilatief/hadith-go/cmd/hadith-api/main.go:47.2,47.74 1 1
github.com/nuzlilatief/hadith-go/cmd/hadith-api/main.go:47.74,50.3 2 1
github.com/nuzlilatief/hadith-go/cmd/hadith-api/main.go:51.2,51.72 1 1
github.com/nuzlilatief/hadith-go/cmd/hadith-api/main.go:51.72,53.3 1 1
github.com/nuzlilatief/hadith-go/cmd/hadith-api/main.go:54.2,54.72 1 1
github.com/nuzlilatief/hadith-go/cmd/hadith-api/main.go:54.72,56.3 1 0
github.com/nuzlilatief/hadith-go/cmd/hadith-api/main.go:57.2,57.73 1 1
github.com/nuzlilatief/hadith-go/cmd/hadith-api/main.go:57.73,62.20 3 1
github.com/nuzlilatief/hadith-go/cmd/hadith-api/main.go:62.20,65.4 2 0
github.com/nuzlilatief/hadith-go/cmd/hadith-api/main.go:66.3,66.22 1 1
github.com/nuzlilatief/hadith-go/cmd/hadith-api/main.go:66.22,69.4 2 0
github.com/nuzlilatief/hadith-go/cmd/hadith-api/main.go:72.3,89.17 12 1
github.com/nuzlilatief/hadith-go/cmd/hadith-api/main.go:89.17,91.4 1 1
github.com/nuzlilatief/hadith-go/cmd/hadith-api/main.go:91.9,93.21 2 0
github.com/nuzlilatief/hadith-go/cmd/hadith-api/main.go:93.21,97.5 2 0
github.com/nuzlilatief/hadith-go/cmd/hadith-api/main.go:101.3,102.33 2 1
github.com/nuzlilatief/hadith-go/cmd/hadith-api/main.go:102.33,105.29 2 0
github.com/nuzlilatief/hadith-go/cmd/hadith-api/main.go:105.29,107.5 1 0
github.com/nuzlilatief/hadith-go/cmd/hadith-api/main.go:108.4,108.41 1 0
github.com/nuzlilatief/hadith-go/cmd/hadith-api/main.go:108.41,109.51 1 0
github.com/nuzlilatief/hadith-go/cmd/hadith-api/main.go:109.51,111.6 1 0
github.com/nuzlilatief/hadith-go/cmd/hadith-api/main.go:112.5,112.57 1 0
github.com/nuzlilatief/hadith-go/cmd/hadith-api/main.go:114.9,116.16 1 1
github.com/nuzlilatief/hadith-go/cmd/hadith-api/main.go:116.16,118.5 1 1
github.com/nuzlilatief/hadith-go/cmd/hadith-api/main.go:118.10,120.5 1 1
github.com/nuzlilatief/hadith-go/cmd/hadith-api/main.go:123.3,123.16 1 1
github.com/nuzlilatief/hadith-go/cmd/hadith-api/main.go:123.16,126.63 2 0
github.com/nuzlilatief/hadith-go/cmd/hadith-api/main.go:126.63,128.5 1 0
github.com/nuzlilatief/hadith-go/cmd/hadith-api/main.go:128.10,128.30 1 0
github.com/nuzlilatief/hadith-go/cmd/hadith-api/main.go:128.30,131.5 2 0
github.com/nuzlilatief/hadith-go/cmd/hadith-api/main.go:132.4,133.22 2 0
github.com/nuzlilatief/hadith-go/cmd/hadith-api/main.go:133.22,134.62 1 0
github.com/nuzlilatief/hadith-go/cmd/hadith-api/main.go:134.62,136.6 1 0
github.com/nuzlilatief/hadith-go/cmd/hadith-api/main.go:136.11,139.6 2 0
github.com/nuzlilatief/hadith-go/cmd/hadith-api/main.go:141.4,141.25 1 0
github.com/nuzlilatief/hadith-go/cmd/hadith-api/main.go:141.25,143.5 1 0
github.com/nuzlilatief/hadith-go/cmd/hadith-api/main.go:144.4,145.22 2 0
github.com/nuzlilatief/hadith-go/cmd/hadith-api/main.go:145.22,147.5 1 0
github.com/nuzlilatief/hadith-go/cmd/hadith-api/main.go:148.4,149.19 2 0
github.com/nuzlilatief/hadith-go/cmd/hadith-api/main.go:149.19,151.5 1 0
github.com/nuzlilatief/hadith-go/cmd/hadith-api/main.go:152.4,156.10 5 0
github.com/nuzlilatief/hadith-go/cmd/hadith-api/main.go:159.3,159.20 1 1
github.com/nuzlilatief/hadith-go/cmd/hadith-api/main.go:159.20,162.21 2 0
github.com/nuzlilatief/hadith-go/cmd/hadith-api/main.go:162.21,163.61 1 0
github.com/nuzlilatief/hadith-go/cmd/hadith-api/main.go:163.61,165.6 1 0
github.com/nuzlilatief/hadith-go/cmd/hadith-api/main.go:165.11,168.6 2 0
github.com/nuzlilatief/hadith-go/cmd/hadith-api/main.go:170.4,171.25 2 0
github.com/nuzlilatief/hadith-go/cmd/hadith-api/main.go:171.25,172.65 1 0
github.com/nuzlilatief/hadith-go/cmd/hadith-api/main.go:172.65,174.6 1 0
github.com/nuzlilatief/hadith-go/cmd/hadith-api/main.go:174.11,177.6 2 0
github.com/nuzlilatief/hadith-go/cmd/hadith-api/main.go:179.4,179.30 1 0
github.com/nuzlilatief/hadith-go/cmd/hadith-api/main.go:179.30,181.5 1 0
github.com/nuzlilatief/hadith-go/cmd/hadith-api/main.go:182.4,184.17 3 0
github.com/nuzlilatief/hadith-go/cmd/hadith-api/main.go:184.17,186.5 1 0
github.com/nuzlilatief/hadith-go/cmd/hadith-api/main.go:187.4,187.21 1 0
github.com/nuzlilatief/hadith-go/cmd/hadith-api/main.go:187.21,189.5 1 0
github.com/nuzlilatief/hadith-go/cmd/hadith-api/main.go:190.4,191.19 2 0
github.com/nuzlilatief/hadith-go/cmd/hadith-api/main.go:191.19,193.5 1 0
github.com/nuzlilatief/hadith-go/cmd/hadith-api/main.go:196.4,200.10 5 0
github.com/nuzlilatief/hadith-go/cmd/hadith-api/main.go:204.3,205.21 2 1
github.com/nuzlilatief/hadith-go/cmd/hadith-api/main.go:205.21,206.61 1 0
github.com/nuzlilatief/hadith-go/cmd/hadith-api/main.go:206.61,208.5 1 0
github.com/nuzlilatief/hadith-go/cmd/hadith-api/main.go:208.10,211.5 2 0
github.com/nuzlilatief/hadith-go/cmd/hadith-api/main.go:213.3,213.26 1 1
github.com/nuzlilatief/hadith-go/cmd/hadith-api/main.go:213.26,215.4 1 0
github.com/nuzlilatief/hadith-go/cmd/hadith-api/main.go:216.3,216.37 1 1
github.com/nuzlilatief/hadith-go/cmd/hadith-api/main.go:216.37,218.4 1 0
github.com/nuzlilatief/hadith-go/cmd/hadith-api/main.go:219.3,219.36 1 1
github.com/nuzlilatief/hadith-go/cmd/hadith-api/main.go:221.2,221.74 1 1
github.com/nuzlilatief/hadith-go/cmd/hadith-api/main.go:221.74,224.22 2 1
github.com/nuzlilatief/hadith-go/cmd/hadith-api/main.go:224.22,227.4 2 0
github.com/nuzlilatief/hadith-go/cmd/hadith-api/main.go:228.3,231.22 3 1
github.com/nuzlilatief/hadith-go/cmd/hadith-api/main.go:231.22,234.4 2 0
github.com/nuzlilatief/hadith-go/cmd/hadith-api/main.go:236.3,237.29 2 1
github.com/nuzlilatief/hadith-go/cmd/hadith-api/main.go:237.29,240.4 2 0
github.com/nuzlilatief/hadith-go/cmd/hadith-api/main.go:241.3,242.10 2 1
github.com/nuzlilatief/hadith-go/cmd/hadith-api/main.go:242.10,245.4 2 1
github.com/nuzlilatief/hadith-go/cmd/hadith-api/main.go:246.3,246.33 1 1
github.com/nuzlilatief/hadith-go/cmd/hadith-api/main.go:250.2,250.54 1 1
github.com/nuzlilatief/hadith-go/cmd/hadith-api/main.go:253.56,254.71 1 1
github.com/nuzlilatief/hadith-go/cmd/hadith-api/main.go:254.71,257.3 2 1
github.com/nuzlilatief/hadith-go/cmd/hadith-api/main.go:260.54,261.71 1 1
github.com/nuzlilatief/hadith-go/cmd/hadith-api/main.go:261.71,266.3 4 1
github.com/nuzlilatief/hadith-go/cmd/hadith-api/main.go:269.43,270.71 1 1
github.com/nuzlilatief/hadith-go/cmd/hadith-api/main.go:270.71,274.37 4 1
github.com/nuzlilatief/hadith-go/cmd/hadith-api/main.go:274.37,277.4 2 0
github.com/nuzlilatief/hadith-go/cmd/hadith-api/main.go:278.3,278.23 1 1
github.com/nuzlilatief/hadith-go/cmd/hadith-api/main.go:282.58,288.2 5 1
github.com/nuzlilatief/hadith-go/cmd/hadith-api/main.go:290.34,291.32 1 0
github.com/nuzlilatief/hadith-go/cmd/hadith-api/main.go:291.32,293.3 1 0
github.com/nuzlilatief/hadith-go/cmd/hadith-api/main.go:294.2,294.12 1 0
github.com/nuzlilatief/hadith-go/cmd/hadith-api/main.go:298.29,300.25 2 0
github.com/nuzlilatief/hadith-go/cmd/hadith-api/main.go:300.25,301.80 1 0
github.com/nuzlilatief/hadith-go/cmd/hadith-api/main.go:301.80,303.4 1 0
github.com/nuzlilatief/hadith-go/cmd/hadith-api/main.go:304.3,305.20 2 0
github.com/nuzlilatief/hadith-go/cmd/hadith-api/main.go:305.20,306.9 1 0
github.com/nuzlilatief/hadith-go/cmd/hadith-api/main.go:308.3,308.15 1 0
github.com/nuzlilatief/hadith-go/cmd/hadith-api/main.go:310.2,310.12 1 0
